info: mathlib: cloning https://github.com/leanprover-community/mathlib4
info: mathlib: checking out revision 'a3a10db0e9d66acbebf76c5e6a135066525ac900'
info: plausible: cloning https://github.com/leanprover-community/plausible
info: plausible: checking out revision '009dc1e6f2feb2c96c081537d80a0905b2c6498f'
info: LeanSearchClient: cloning https://github.com/leanprover-community/LeanSearchClient
info: LeanSearchClient: checking out revision '5ce7f0a355f522a952a3d678d696bd563bb4fd28'
info: importGraph: cloning https://github.com/leanprover-community/import-graph
info: importGraph: checking out revision '8f497d55985a189cea8020d9dc51260af1e41ad2'
info: proofwidgets: cloning https://github.com/leanprover-community/ProofWidgets4
info: proofwidgets: checking out revision 'c04225ee7c0585effbd933662b3151f01b600e40'
info: aesop: cloning https://github.com/leanprover-community/aesop
info: aesop: checking out revision 'cb837cc26236ada03c81837bebe0acd9c70ced7d'
info: Qq: cloning https://github.com/leanprover-community/quote4
info: Qq: checking out revision 'bd58c9efe2086d56ca361807014141a860ddbf8c'
info: batteries: cloning https://github.com/leanprover-community/batteries
info: batteries: checking out revision 'b25b36a7caf8e237e7d1e6121543078a06777c8a'
info: Cli: cloning https://github.com/leanprover/lean4-cli
info: Cli: checking out revision '55c37290ff6186e2e965d68cf853a57c0702db82'
✔ [2/4] Built Main (271ms)
✔ [3/4] Built Main:c.o (316ms)
✔ [4/4] Built projetcollatz:exe (603ms)
Build completed successfully (4 jobs).
lake build 2>&1  39.10s user 12.98s system 84% cpu 1:01.59 total
BUILD_EXIT=0
